com\mycompany\airlinereservation\DBConnection.class
com\mycompany\airlinereservation\AddCustomer.class
com\mycompany\airlinereservation\Cancel.class
com\mycompany\airlinereservation\BoardingPass.class
com\mycompany\airlinereservation\BookFlight$PopupMenuListenerAdapter.class
com\mycompany\airlinereservation\JourneyDetails.class
com\mycompany\airlinereservation\AddPayment.class
com\mycompany\airlinereservation\CustomerRegister.class
com\mycompany\airlinereservation\HomePage$2.class
Hello.class
com\mycompany\airlinereservation\BookFlight$2.class
com\mycompany\airlinereservation\HomePage$1.class
com\mycompany\airlinereservation\AddAirline.class
com\mycompany\airlinereservation\ViewFlightDetails.class
com\mycompany\airlinereservation\AdminDashboard.class
com\mycompany\airlinereservation\Login.class
com\mycompany\airlinereservation\UserDashboard.class
com\mycompany\airlinereservation\Airlines.class
com\mycompany\airlinereservation\FlightInfo.class
com\mycompany\airlinereservation\BookFlight.class
com\mycompany\airlinereservation\AddFlight.class
com\mycompany\airlinereservation\BookFlight$1.class
com\mycompany\airlinereservation\HomePage.class
