C:\Users\m6793\OneDrive\Pictures\Documents\NetBeansProjects\AirlineReservation\src\main\java\AddPayment.java
C:\Users\m6793\OneDrive\Pictures\Documents\NetBeansProjects\AirlineReservation\src\main\java\com\mycompany\airlinereservation\AddAirline.java
C:\Users\m6793\OneDrive\Pictures\Documents\NetBeansProjects\AirlineReservation\src\main\java\com\mycompany\airlinereservation\AddCustomer.java
C:\Users\m6793\OneDrive\Pictures\Documents\NetBeansProjects\AirlineReservation\src\main\java\com\mycompany\airlinereservation\AddFlight.java
C:\Users\m6793\OneDrive\Pictures\Documents\NetBeansProjects\AirlineReservation\src\main\java\com\mycompany\airlinereservation\AdminDashboard.java
C:\Users\m6793\OneDrive\Pictures\Documents\NetBeansProjects\AirlineReservation\src\main\java\com\mycompany\airlinereservation\Airlines.java
C:\Users\m6793\OneDrive\Pictures\Documents\NetBeansProjects\AirlineReservation\src\main\java\com\mycompany\airlinereservation\BoardingPass.java
C:\Users\m6793\OneDrive\Pictures\Documents\NetBeansProjects\AirlineReservation\src\main\java\com\mycompany\airlinereservation\BookFlight.java
C:\Users\m6793\OneDrive\Pictures\Documents\NetBeansProjects\AirlineReservation\src\main\java\com\mycompany\airlinereservation\Cancel.java
C:\Users\m6793\OneDrive\Pictures\Documents\NetBeansProjects\AirlineReservation\src\main\java\com\mycompany\airlinereservation\CustomerRegister.java
C:\Users\m6793\OneDrive\Pictures\Documents\NetBeansProjects\AirlineReservation\src\main\java\com\mycompany\airlinereservation\DataSeeder.java
C:\Users\m6793\OneDrive\Pictures\Documents\NetBeansProjects\AirlineReservation\src\main\java\com\mycompany\airlinereservation\DBConnection.java
C:\Users\m6793\OneDrive\Pictures\Documents\NetBeansProjects\AirlineReservation\src\main\java\com\mycompany\airlinereservation\FlightInfo.java
C:\Users\m6793\OneDrive\Pictures\Documents\NetBeansProjects\AirlineReservation\src\main\java\com\mycompany\airlinereservation\HomePage.java
C:\Users\m6793\OneDrive\Pictures\Documents\NetBeansProjects\AirlineReservation\src\main\java\com\mycompany\airlinereservation\JourneyDetails.java
C:\Users\m6793\OneDrive\Pictures\Documents\NetBeansProjects\AirlineReservation\src\main\java\com\mycompany\airlinereservation\Login.java
C:\Users\m6793\OneDrive\Pictures\Documents\NetBeansProjects\AirlineReservation\src\main\java\com\mycompany\airlinereservation\PasswordUtils.java
C:\Users\m6793\OneDrive\Pictures\Documents\NetBeansProjects\AirlineReservation\src\main\java\com\mycompany\airlinereservation\SeederRunner.java
C:\Users\m6793\OneDrive\Pictures\Documents\NetBeansProjects\AirlineReservation\src\main\java\com\mycompany\airlinereservation\ThemeManager.java
C:\Users\m6793\OneDrive\Pictures\Documents\NetBeansProjects\AirlineReservation\src\main\java\com\mycompany\airlinereservation\UserDashboard.java
C:\Users\m6793\OneDrive\Pictures\Documents\NetBeansProjects\AirlineReservation\src\main\java\com\mycompany\airlinereservation\ViewBookings.java
C:\Users\m6793\OneDrive\Pictures\Documents\NetBeansProjects\AirlineReservation\src\main\java\com\mycompany\airlinereservation\ViewFlightDetails.java
C:\Users\m6793\OneDrive\Pictures\Documents\NetBeansProjects\AirlineReservation\src\main\java\com\mycompany\Hello.java
C:\Users\m6793\OneDrive\Pictures\Documents\NetBeansProjects\AirlineReservation\src\main\java\CustomerDashboard.java
